Archive member included to satisfy reference by file (symbol)

/usr/lib/gcc/arm-none-eabi/6.3.1/../../../arm-none-eabi/lib/thumb/v7-m/libg_nano.a(lib_a-errno.o)
                              ./system/src/newlib/_sbrk.o (__errno)
/usr/lib/gcc/arm-none-eabi/6.3.1/../../../arm-none-eabi/lib/thumb/v7-m/libg_nano.a(lib_a-impure.o)
                              /usr/lib/gcc/arm-none-eabi/6.3.1/../../../arm-none-eabi/lib/thumb/v7-m/libg_nano.a(lib_a-errno.o) (_impure_ptr)
/usr/lib/gcc/arm-none-eabi/6.3.1/../../../arm-none-eabi/lib/thumb/v7-m/libg_nano.a(lib_a-isdigit.o)
                              ./src/core/protocol.o (isdigit)
/usr/lib/gcc/arm-none-eabi/6.3.1/../../../arm-none-eabi/lib/thumb/v7-m/libg_nano.a(lib_a-isxdigit.o)
                              ./src/core/protocol.o (isxdigit)
/usr/lib/gcc/arm-none-eabi/6.3.1/../../../arm-none-eabi/lib/thumb/v7-m/libg_nano.a(lib_a-itoa.o)
                              ./src/core/dbg.o (itoa)
/usr/lib/gcc/arm-none-eabi/6.3.1/../../../arm-none-eabi/lib/thumb/v7-m/libg_nano.a(lib_a-memcpy.o)
                              ./src/sysBase/flash.o (memcpy)
/usr/lib/gcc/arm-none-eabi/6.3.1/../../../arm-none-eabi/lib/thumb/v7-m/libg_nano.a(lib_a-memset.o)
                              ./src/sysBase/pwm.o (memset)
/usr/lib/gcc/arm-none-eabi/6.3.1/../../../arm-none-eabi/lib/thumb/v7-m/libg_nano.a(lib_a-strcat.o)
                              ./src/core/protocol.o (strcat)
/usr/lib/gcc/arm-none-eabi/6.3.1/../../../arm-none-eabi/lib/thumb/v7-m/libg_nano.a(lib_a-strchr.o)
                              ./src/core/protocol.o (strchr)
/usr/lib/gcc/arm-none-eabi/6.3.1/../../../arm-none-eabi/lib/thumb/v7-m/libg_nano.a(lib_a-strcpy.o)
                              ./src/core/protocol.o (strcpy)
/usr/lib/gcc/arm-none-eabi/6.3.1/../../../arm-none-eabi/lib/thumb/v7-m/libg_nano.a(lib_a-strlen-stub.o)
                              ./src/core/protocol.o (strlen)
/usr/lib/gcc/arm-none-eabi/6.3.1/../../../arm-none-eabi/lib/thumb/v7-m/libg_nano.a(lib_a-strstr.o)
                              ./src/core/protocol.o (strstr)
/usr/lib/gcc/arm-none-eabi/6.3.1/../../../arm-none-eabi/lib/thumb/v7-m/libg_nano.a(lib_a-toupper.o)
                              ./src/core/protocol.o (toupper)
/usr/lib/gcc/arm-none-eabi/6.3.1/../../../arm-none-eabi/lib/thumb/v7-m/libg_nano.a(lib_a-utoa.o)
                              /usr/lib/gcc/arm-none-eabi/6.3.1/../../../arm-none-eabi/lib/thumb/v7-m/libg_nano.a(lib_a-itoa.o) (__utoa)
/usr/lib/gcc/arm-none-eabi/6.3.1/../../../arm-none-eabi/lib/thumb/v7-m/libg_nano.a(lib_a-ctype_.o)
                              /usr/lib/gcc/arm-none-eabi/6.3.1/../../../arm-none-eabi/lib/thumb/v7-m/libg_nano.a(lib_a-isdigit.o) (__ctype_ptr__)
/usr/lib/gcc/arm-none-eabi/6.3.1/../../../arm-none-eabi/lib/thumb/v7-m/libg_nano.a(lib_a-memchr-stub.o)
                              /usr/lib/gcc/arm-none-eabi/6.3.1/../../../arm-none-eabi/lib/thumb/v7-m/libg_nano.a(lib_a-strstr.o) (memchr)
/usr/lib/gcc/arm-none-eabi/6.3.1/../../../arm-none-eabi/lib/thumb/v7-m/libg_nano.a(lib_a-memcmp.o)
                              /usr/lib/gcc/arm-none-eabi/6.3.1/../../../arm-none-eabi/lib/thumb/v7-m/libg_nano.a(lib_a-strstr.o) (memcmp)

Allocating common symbols
Common symbol       size              file

errno               0x4               ./system/src/newlib/_syscalls.o

Discarded input sections

 .text          0x0000000000000000        0x0 ./system/src/stm32f1-stdperiph/misc.o
 .data          0x0000000000000000        0x0 ./system/src/stm32f1-stdperiph/misc.o
 .bss           0x0000000000000000        0x0 ./system/src/stm32f1-stdperiph/misc.o
 .text.NVIC_PriorityGroupConfig
                0x0000000000000000       0x14 ./system/src/stm32f1-stdperiph/misc.o
 .text.NVIC_SetVectorTable
                0x0000000000000000       0x14 ./system/src/stm32f1-stdperiph/misc.o
 .text.NVIC_SystemLPConfig
                0x0000000000000000       0x18 ./system/src/stm32f1-stdperiph/misc.o
 .text.SysTick_CLKSourceConfig
                0x0000000000000000       0x18 ./system/src/stm32f1-stdperiph/misc.o
 .text          0x0000000000000000        0x0 ./system/src/stm32f1-stdperiph/stm32f10x_adc.o
 .data          0x0000000000000000        0x0 ./system/src/stm32f1-stdperiph/stm32f10x_adc.o
 .bss           0x0000000000000000        0x0 ./system/src/stm32f1-stdperiph/stm32f10x_adc.o
 .text.ADC_StructInit
                0x0000000000000000       0x12 ./system/src/stm32f1-stdperiph/stm32f10x_adc.o
 .text.ADC_DMACmd
                0x0000000000000000       0x12 ./system/src/stm32f1-stdperiph/stm32f10x_adc.o
 .text.ADC_ITConfig
                0x0000000000000000       0x12 ./system/src/stm32f1-stdperiph/stm32f10x_adc.o
 .text.ADC_GetSoftwareStartConvStatus
                0x0000000000000000        0x8 ./system/src/stm32f1-stdperiph/stm32f10x_adc.o
 .text.ADC_DiscModeChannelCountConfig
                0x0000000000000000       0x10 ./system/src/stm32f1-stdperiph/stm32f10x_adc.o
 .text.ADC_DiscModeCmd
[...]
Memory Configuration

Name             Origin             Length             Attributes
RAM              0x0000000020000000 0x0000000000005000 xrw
CCMRAM           0x0000000000000000 0x0000000000000000 xrw
FLASH            0x0000000008000000 0x0000000000010000 xr
FLASHB1          0x0000000000000000 0x0000000000000000 xr
EXTMEMB0         0x0000000000000000 0x0000000000000000 xr
EXTMEMB1         0x0000000000000000 0x0000000000000000 xr
EXTMEMB2         0x0000000000000000 0x0000000000000000 xr
EXTMEMB3         0x0000000000000000 0x0000000000000000 xr
MEMORY_ARRAY     0x0000000000000000 0x0000000000000000 xrw
*default*        0x0000000000000000 0xffffffffffffffff

Linker script and memory map

LOAD ./system/src/stm32f1-stdperiph/misc.o
LOAD ./system/src/stm32f1-stdperiph/stm32f10x_adc.o
LOAD ./system/src/stm32f1-stdperiph/stm32f10x_bkp.o
LOAD ./system/src/stm32f1-stdperiph/stm32f10x_exti.o
LOAD ./system/src/stm32f1-stdperiph/stm32f10x_flash.o
LOAD ./system/src/stm32f1-stdperiph/stm32f10x_gpio.o
LOAD ./system/src/stm32f1-stdperiph/stm32f10x_iwdg.o
LOAD ./system/src/stm32f1-stdperiph/stm32f10x_pwr.o
LOAD ./system/src/stm32f1-stdperiph/stm32f10x_rcc.o
LOAD ./system/src/stm32f1-stdperiph/stm32f10x_rtc.o
LOAD ./system/src/stm32f1-stdperiph/stm32f10x_tim.o
LOAD ./system/src/stm32f1-stdperiph/stm32f10x_usart.o
LOAD ./system/src/newlib/_cxx.o
LOAD ./system/src/newlib/_exit.o
LOAD ./system/src/newlib/_sbrk.o
LOAD ./system/src/newlib/_startup.o
LOAD ./system/src/newlib/_syscalls.o
LOAD ./system/src/newlib/assert.o
LOAD ./system/src/diag/Trace.o
LOAD ./system/src/diag/trace_impl.o
LOAD ./system/src/cortexm/_initialize_hardware.o
LOAD ./system/src/cortexm/_reset_hardware.o
LOAD ./system/src/cortexm/exception_handlers.o
LOAD ./system/src/cmsis/system_stm32f10x.o
LOAD ./system/src/cmsis/vectors_stm32f10x.o
LOAD ./src/sysBase/adc.o
LOAD ./src/sysBase/flash.o
LOAD ./src/sysBase/gpio.o
LOAD ./src/sysBase/iwdg.o
LOAD ./src/sysBase/pwm.o
LOAD ./src/sysBase/usartx.o
LOAD ./src/sysBase/utility_timer.o
LOAD ./src/core/core.o
LOAD ./src/core/dbg.o
LOAD ./src/core/pogPWM.o
LOAD ./src/core/protocol.o
LOAD ./src/IceCube.o
LOAD ./src/main.o
LOAD /usr/lib/gcc/arm-none-eabi/6.3.1/../../../arm-none-eabi/lib/thumb/v7-m/libstdc++_nano.a
LOAD /usr/lib/gcc/arm-none-eabi/6.3.1/../../../arm-none-eabi/lib/thumb/v7-m/libm.a
START GROUP
LOAD /usr/lib/gcc/arm-none-eabi/6.3.1/thumb/v7-m/libgcc.a
LOAD /usr/lib/gcc/arm-none-eabi/6.3.1/../../../arm-none-eabi/lib/thumb/v7-m/libg_nano.a
LOAD /usr/lib/gcc/arm-none-eabi/6.3.1/../../../arm-none-eabi/lib/thumb/v7-m/libc_nano.a
END GROUP
START GROUP
LOAD /usr/lib/gcc/arm-none-eabi/6.3.1/thumb/v7-m/libgcc.a
LOAD /usr/lib/gcc/arm-none-eabi/6.3.1/../../../arm-none-eabi/lib/thumb/v7-m/libc_nano.a
END GROUP
                0x0000000020005000                __stack = (ORIGIN (RAM) + LENGTH (RAM))
                0x0000000020005000                _estack = __stack
                0x0000000000000400                __Main_Stack_Size = 0x400
                [!provide]                        PROVIDE (_Main_Stack_Size, __Main_Stack_Size)
                0x0000000020004c00                __Main_Stack_Limit = (__stack - __Main_Stack_Size)
                [!provide]                        PROVIDE (_Main_Stack_Limit, __Main_Stack_Limit)
                0x0000000000000100                _Minimum_Stack_Size = 0x100
                0x0000000020000660                PROVIDE (_Heap_Begin, _end_noinit)
                0x0000000020004c00                PROVIDE (_Heap_Limit, (__stack - __Main_Stack_Size))

.isr_vector     0x0000000008000000      0x22a
 FILL mask 0xff
                0x0000000008000000                __vectors_start = ABSOLUTE (.)
                0x0000000008000000                __vectors_start__ = ABSOLUTE (.)
 *(.isr_vector)
 .isr_vector    0x0000000008000000      0x10c ./system/src/cmsis/vectors_stm32f10x.o
                0x0000000008000000                __isr_vectors
 *(.cfmconfig)
 *(.after_vectors .after_vectors.*)
 .after_vectors
                0x000000000800010c       0xb8 ./system/src/newlib/_startup.o
                0x000000000800010c                _start
 .after_vectors
                0x00000000080001c4       0x64 ./system/src/cortexm/exception_handlers.o
                0x00000000080001c4                Reset_Handler
                0x00000000080001c8                NMI_Handler
                0x00000000080001ca                HardFault_Handler
                0x00000000080001de                HardFault_Handler_C
                0x00000000080001e0                MemManage_Handler
                0x00000000080001e2                BusFault_Handler
                0x00000000080001f6                BusFault_Handler_C
                0x00000000080001f8                UsageFault_Handler
                0x000000000800020c                UsageFault_Handler_C
                0x000000000800020e                SVC_Handler
                0x0000000008000210                DebugMon_Handler
                0x0000000008000212                PendSV_Handler
 .after_vectors
                0x0000000008000228        0x2 ./system/src/cmsis/vectors_stm32f10x.o
                0x0000000008000228                EXTI2_IRQHandler
                0x0000000008000228                TIM8_TRG_COM_IRQHandler
                0x0000000008000228                TIM8_CC_IRQHandler
                0x0000000008000228                TIM1_CC_IRQHandler
                0x0000000008000228                TIM6_IRQHandler
                0x0000000008000228                PVD_IRQHandler
                0x0000000008000228                SDIO_IRQHandler
                0x0000000008000228                CAN2_RX1_IRQHandler
                0x0000000008000228                EXTI3_IRQHandler
                0x0000000008000228                TIM8_TRG_COM_TIM14_IRQHandler
                0x0000000008000228                TIM1_UP_TIM10_IRQHandler
                0x0000000008000228                TIM8_UP_TIM13_IRQHandler
                0x0000000008000228                EXTI0_IRQHandler
                0x0000000008000228                I2C2_EV_IRQHandler
                0x0000000008000228                CAN1_RX0_IRQHandler
                0x0000000008000228                TIM1_UP_TIM16_IRQHandler
                0x0000000008000228                CAN2_SCE_IRQHandler
                0x0000000008000228                ADC1_2_IRQHandler
                0x0000000008000228                SPI1_IRQHandler
                0x0000000008000228                TAMPER_IRQHandler
                0x0000000008000228                TIM6_DAC_IRQHandler
                0x0000000008000228                TIM1_BRK_TIM9_IRQHandler
                0x0000000008000228                CAN2_RX0_IRQHandler
                0x0000000008000228                TIM8_UP_IRQHandler
                0x0000000008000228                DMA2_Channel2_IRQHandler
                0x0000000008000228                DMA1_Channel4_IRQHandler
                0x0000000008000228                RTC_IRQHandler
                0x0000000008000228                DMA1_Channel7_IRQHandler
                0x0000000008000228                CAN1_RX1_IRQHandler
                0x0000000008000228                UART5_IRQHandler
                0x0000000008000228                ADC3_IRQHandler
                0x0000000008000228                DMA2_Channel1_IRQHandler
                0x0000000008000228                I2C1_EV_IRQHandler
                0x0000000008000228                DMA1_Channel6_IRQHandler
                0x0000000008000228                UART4_IRQHandler
                0x0000000008000228                DMA2_Channel4_IRQHandler
                0x0000000008000228                TIM3_IRQHandler
                0x0000000008000228                RCC_IRQHandler
                0x0000000008000228                TIM8_BRK_TIM12_IRQHandler
                0x0000000008000228                TIM1_TRG_COM_IRQHandler
                0x0000000008000228                DMA1_Channel1_IRQHandler
                0x0000000008000228                Default_Handler
                0x0000000008000228                CEC_IRQHandler
                0x0000000008000228                EXTI15_10_IRQHandler
                0x0000000008000228                TIM14_IRQHandler
                0x0000000008000228                TIM13_IRQHandler
                0x0000000008000228                TIM12_IRQHandler
                0x0000000008000228                TIM7_IRQHandler
                0x0000000008000228                CAN2_TX_IRQHandler
                0x0000000008000228                TIM5_IRQHandler
                0x0000000008000228                EXTI9_5_IRQHandler
                0x0000000008000228                ETH_WKUP_IRQHandler
                0x0000000008000228                SPI2_IRQHandler
                0x0000000008000228                CAN1_TX_IRQHandler
                0x0000000008000228                DMA2_Channel5_IRQHandler
                0x0000000008000228                DMA1_Channel5_IRQHandler
                0x0000000008000228                EXTI4_IRQHandler
                0x0000000008000228                USB_LP_CAN1_RX0_IRQHandler
                0x0000000008000228                TIM1_TRG_COM_TIM17_IRQHandler
                0x0000000008000228                USB_HP_CAN1_TX_IRQHandler
                0x0000000008000228                DMA1_Channel3_IRQHandler
                0x0000000008000228                FSMC_IRQHandler
                0x0000000008000228                ETH_IRQHandler
                0x0000000008000228                TIM1_UP_IRQHandler
                0x0000000008000228                WWDG_IRQHandler
                0x0000000008000228                TIM2_IRQHandler
                0x0000000008000228                OTG_FS_WKUP_IRQHandler
                0x0000000008000228                TIM1_TRG_COM_TIM11_IRQHandler
                0x0000000008000228                TIM1_BRK_IRQHandler
                0x0000000008000228                EXTI1_IRQHandler
                0x0000000008000228                RTCAlarm_IRQHandler
                0x0000000008000228                DMA2_Channel4_5_IRQHandler
                0x0000000008000228                I2C2_ER_IRQHandler
                0x0000000008000228                DMA1_Channel2_IRQHandler
                0x0000000008000228                TIM8_BRK_IRQHandler
                0x0000000008000228                CAN1_SCE_IRQHandler
                0x0000000008000228                FLASH_IRQHandler
                0x0000000008000228                OTG_FS_IRQHandler
                0x0000000008000228                SPI3_IRQHandler
                0x0000000008000228                I2C1_ER_IRQHandler
                0x0000000008000228                USBWakeUp_IRQHandler
                0x0000000008000228                DMA2_Channel3_IRQHandler
                0x0000000008000228                TIM1_BRK_TIM15_IRQHandler

.inits          0x000000000800022c       0x28
                0x000000000800022c                __data_regions_array_start = .
                0x000000000800022c        0x4 LONG 0x80019bc LOADADDR (.data)
                0x0000000008000230        0x4 LONG 0x20000000 ADDR (.data)
                0x0000000008000234        0x4 LONG 0x20000030 (ADDR (.data) + SIZEOF (.data))
                0x0000000008000238        0x4 LONG 0x80019bc LOADADDR (.data_CCMRAM)
                0x000000000800023c        0x4 LONG 0x0 ADDR (.data_CCMRAM)
                0x0000000008000240        0x4 LONG 0x0 (ADDR (.data_CCMRAM) + SIZEOF (.data_CCMRAM))
                0x0000000008000244                __data_regions_array_end = .
                0x0000000008000244                __bss_regions_array_start = .
                0x0000000008000244        0x4 LONG 0x20000030 ADDR (.bss)
                0x0000000008000248        0x4 LONG 0x20000660 (ADDR (.bss) + SIZEOF (.bss))
                0x000000000800024c        0x4 LONG 0x0 ADDR (.bss_CCMRAM)
                0x0000000008000250        0x4 LONG 0x0 (ADDR (.bss_CCMRAM) + SIZEOF (.bss_CCMRAM))
                0x0000000008000254                __bss_regions_array_end = .
 *(.init)
 *(.fini)
                0x0000000008000254                . = ALIGN (0x4)
                0x0000000008000254                PROVIDE (__preinit_array_start, .)
 *(.preinit_array_sysinit .preinit_array_sysinit.*)
 *(.preinit_array_platform .preinit_array_platform.*)
 *(.preinit_array .preinit_array.*)
                0x0000000008000254                PROVIDE (__preinit_array_end, .)
                0x0000000008000254                . = ALIGN (0x4)
                0x0000000008000254                PROVIDE (__init_array_start, .)
 *(SORT(.init_array.*))
 *(.init_array)
                0x0000000008000254                PROVIDE (__init_array_end, .)
                0x0000000008000254                . = ALIGN (0x4)
                0x0000000008000254                PROVIDE (__fini_array_start, .)
 *(SORT(.fini_array.*))
 *(.fini_array)
                0x0000000008000254                PROVIDE (__fini_array_end, .)

.flashtext
 *(.flashtext .flashtext.*)

.text           0x0000000008000254     0x1768
 *(.text .text.*)
 .text.NVIC_Init
                0x0000000008000254       0x5c ./system/src/stm32f1-stdperiph/misc.o
                0x0000000008000254                NVIC_Init
 .text.ADC_DeInit
                0x00000000080002b0       0x60 ./system/src/stm32f1-stdperiph/stm32f10x_adc.o
                0x00000000080002b0                ADC_DeInit
 .text.ADC_Init
                0x0000000008000310       0x48 ./system/src/stm32f1-stdperiph/stm32f10x_adc.o
                0x0000000008000310                ADC_Init
 .text.ADC_Cmd  0x0000000008000358       0x12 ./system/src/stm32f1-stdperiph/stm32f10x_adc.o
                0x0000000008000358                ADC_Cmd
 .text.ADC_ResetCalibration
                0x000000000800036a        0xa ./system/src/stm32f1-stdperiph/stm32f10x_adc.o
                0x000000000800036a                ADC_ResetCalibration
 .text.ADC_GetResetCalibrationStatus
                0x0000000008000374        0x8 ./system/src/stm32f1-stdperiph/stm32f10x_adc.o
                0x0000000008000374                ADC_GetResetCalibrationStatus
 .text.ADC_StartCalibration
                0x000000000800037c        0xa ./system/src/stm32f1-stdperiph/stm32f10x_adc.o
                0x000000000800037c                ADC_StartCalibration
 .text.ADC_GetCalibrationStatus
                0x0000000008000386        0x8 ./system/src/stm32f1-stdperiph/stm32f10x_adc.o
                0x0000000008000386                ADC_GetCalibrationStatus
 .text.ADC_SoftwareStartConvCmd
                0x000000000800038e       0x12 ./system/src/stm32f1-stdperiph/stm32f10x_adc.o
                0x000000000800038e                ADC_SoftwareStartConvCmd
 .text.ADC_RegularChannelConfig
                0x00000000080003a0       0x8c ./system/src/stm32f1-stdperiph/stm32f10x_adc.o
                0x00000000080003a0                ADC_RegularChannelConfig
 .text.ADC_GetConversionValue
                0x000000000800042c        0x6 ./system/src/stm32f1-stdperiph/stm32f10x_adc.o
                0x000000000800042c                ADC_GetConversionValue
 .text.ADC_GetFlagStatus
                0x0000000008000432        0xc ./system/src/stm32f1-stdperiph/stm32f10x_adc.o
                0x0000000008000432                ADC_GetFlagStatus
 .text.BKP_DeInit
                0x000000000800043e       0x12 ./system/src/stm32f1-stdperiph/stm32f10x_bkp.o
                0x000000000800043e                BKP_DeInit
 .text.GPIO_DeInit
                0x0000000008000450       0xb8 ./system/src/stm32f1-stdperiph/stm32f10x_gpio.o
                0x0000000008000450                GPIO_DeInit
 .text.GPIO_AFIODeInit
                0x0000000008000508       0x16 ./system/src/stm32f1-stdperiph/stm32f10x_gpio.o
                0x0000000008000508                GPIO_AFIODeInit
 .text.GPIO_Init
                0x000000000800051e       0xa4 ./system/src/stm32f1-stdperiph/stm32f10x_gpio.o
                0x000000000800051e                GPIO_Init
 .text.GPIO_StructInit
                0x00000000080005c2       0x10 ./system/src/stm32f1-stdperiph/stm32f10x_gpio.o
                0x00000000080005c2                GPIO_StructInit
 .text.GPIO_WriteBit
                0x00000000080005d2        0xa ./system/src/stm32f1-stdperiph/stm32f10x_gpio.o
                0x00000000080005d2                GPIO_WriteBit
 .text.GPIO_PinRemapConfig
                0x00000000080005dc       0x60 ./system/src/stm32f1-stdperiph/stm32f10x_gpio.o
                0x00000000080005dc                GPIO_PinRemapConfig
 .text.IWDG_WriteAccessCmd
                0x000000000800063c        0xc ./system/src/stm32f1-stdperiph/stm32f10x_iwdg.o
                0x000000000800063c                IWDG_WriteAccessCmd
 .text.IWDG_SetPrescaler
                0x0000000008000648        0xc ./system/src/stm32f1-stdperiph/stm32f10x_iwdg.o
                0x0000000008000648                IWDG_SetPrescaler
 .text.IWDG_SetReload
                0x0000000008000654        0xc ./system/src/stm32f1-stdperiph/stm32f10x_iwdg.o
                0x0000000008000654                IWDG_SetReload
 .text.IWDG_ReloadCounter
                0x0000000008000660       0x10 ./system/src/stm32f1-stdperiph/stm32f10x_iwdg.o
                0x0000000008000660                IWDG_ReloadCounter
 .text.IWDG_Enable
                0x0000000008000670       0x10 ./system/src/stm32f1-stdperiph/stm32f10x_iwdg.o
                0x0000000008000670                IWDG_Enable
 .text.PWR_BackupAccessCmd
                0x0000000008000680        0xc ./system/src/stm32f1-stdperiph/stm32f10x_pwr.o
                0x0000000008000680                PWR_BackupAccessCmd
 .text.RCC_ADCCLKConfig
                0x000000000800068c       0x14 ./system/src/stm32f1-stdperiph/stm32f10x_rcc.o
                0x000000000800068c                RCC_ADCCLKConfig
 .text.RCC_LSICmd
                0x00000000080006a0        0xc ./system/src/stm32f1-stdperiph/stm32f10x_rcc.o
                0x00000000080006a0                RCC_LSICmd
 .text.RCC_RTCCLKConfig
                0x00000000080006ac       0x10 ./system/src/stm32f1-stdperiph/stm32f10x_rcc.o
                0x00000000080006ac                RCC_RTCCLKConfig
 .text.RCC_RTCCLKCmd
                0x00000000080006bc        0xc ./system/src/stm32f1-stdperiph/stm32f10x_rcc.o
                0x00000000080006bc                RCC_RTCCLKCmd
 .text.RCC_GetClocksFreq
                0x00000000080006c8       0x88 ./system/src/stm32f1-stdperiph/stm32f10x_rcc.o
                0x00000000080006c8                RCC_GetClocksFreq
 .text.RCC_APB2PeriphClockCmd
                0x0000000008000750       0x18 ./system/src/stm32f1-stdperiph/stm32f10x_rcc.o
                0x0000000008000750                RCC_APB2PeriphClockCmd
 .text.RCC_APB1PeriphClockCmd
                0x0000000008000768       0x18 ./system/src/stm32f1-stdperiph/stm32f10x_rcc.o
                0x0000000008000768                RCC_APB1PeriphClockCmd
 .text.RCC_APB2PeriphResetCmd
                0x0000000008000780       0x18 ./system/src/stm32f1-stdperiph/stm32f10x_rcc.o
                0x0000000008000780                RCC_APB2PeriphResetCmd
 .text.RCC_APB1PeriphResetCmd
                0x0000000008000798       0x18 ./system/src/stm32f1-stdperiph/stm32f10x_rcc.o
                0x0000000008000798                RCC_APB1PeriphResetCmd
 .text.RCC_BackupResetCmd
                0x00000000080007b0        0xc ./system/src/stm32f1-stdperiph/stm32f10x_rcc.o
                0x00000000080007b0                RCC_BackupResetCmd
 .text.RCC_GetFlagStatus
                0x00000000080007bc       0x28 ./system/src/stm32f1-stdperiph/stm32f10x_rcc.o
                0x00000000080007bc                RCC_GetFlagStatus
 .text.RTC_EnterConfigMode
                0x00000000080007e4       0x14 ./system/src/stm32f1-stdperiph/stm32f10x_rtc.o
                0x00000000080007e4                RTC_EnterConfigMode
 .text.RTC_ExitConfigMode
                0x00000000080007f8       0x14 ./system/src/stm32f1-stdperiph/stm32f10x_rtc.o
                0x00000000080007f8                RTC_ExitConfigMode
 .text.RTC_GetCounter
                0x000000000800080c       0x14 ./system/src/stm32f1-stdperiph/stm32f10x_rtc.o
                0x000000000800080c                RTC_GetCounter
 .text.RTC_SetPrescaler
                0x0000000008000820       0x20 ./system/src/stm32f1-stdperiph/stm32f10x_rtc.o
                0x0000000008000820                RTC_SetPrescaler
 .text.RTC_WaitForLastTask
                0x0000000008000840       0x10 ./system/src/stm32f1-stdperiph/stm32f10x_rtc.o
                0x0000000008000840                RTC_WaitForLastTask
 .text.RTC_WaitForSynchro
                0x0000000008000850       0x1c ./system/src/stm32f1-stdperiph/stm32f10x_rtc.o
                0x0000000008000850                RTC_WaitForSynchro
 .text.TIM_DeInit
                0x000000000800086c      0x1c8 ./system/src/stm32f1-stdperiph/stm32f10x_tim.o
                0x000000000800086c                TIM_DeInit
 .text.TIM_TimeBaseInit
                0x0000000008000a34       0x94 ./system/src/stm32f1-stdperiph/stm32f10x_tim.o
                0x0000000008000a34                TIM_TimeBaseInit
 .text.TIM_Cmd  0x0000000008000ac8       0x18 ./system/src/stm32f1-stdperiph/stm32f10x_tim.o
                0x0000000008000ac8                TIM_Cmd
 .text.TIM_DMACmd
                0x0000000008000ae0       0x12 ./system/src/stm32f1-stdperiph/stm32f10x_tim.o
                0x0000000008000ae0                TIM_DMACmd
 .text.TIM_ITConfig
                0x0000000008000af2        0x4 ./system/src/stm32f1-stdperiph/stm32f10x_tim.o
                0x0000000008000af2                TIM_ITConfig
 .text.TIM_ClearITPendingBit
                0x0000000008000af6        0x8 ./system/src/stm32f1-stdperiph/stm32f10x_tim.o
                0x0000000008000af6                TIM_ClearITPendingBit
 *fill*         0x0000000008000afe        0x2 
 .text.USART_Init
                0x0000000008000b00       0xac ./system/src/stm32f1-stdperiph/stm32f10x_usart.o
                0x0000000008000b00                USART_Init
 .text.USART_Cmd
                0x0000000008000bac       0x18 ./system/src/stm32f1-stdperiph/stm32f10x_usart.o
                0x0000000008000bac                USART_Cmd
 .text.USART_ITConfig
                0x0000000008000bc4       0x30 ./system/src/stm32f1-stdperiph/stm32f10x_usart.o
                0x0000000008000bc4                USART_ITConfig
 .text.USART_SendData
                0x0000000008000bf4        0x8 ./system/src/stm32f1-stdperiph/stm32f10x_usart.o
                0x0000000008000bf4                USART_SendData
 .text.USART_ReceiveData
                0x0000000008000bfc        0x8 ./system/src/stm32f1-stdperiph/stm32f10x_usart.o
                0x0000000008000bfc                USART_ReceiveData
 .text.USART_GetFlagStatus
                0x0000000008000c04        0xc ./system/src/stm32f1-stdperiph/stm32f10x_usart.o
                0x0000000008000c04                USART_GetFlagStatus
 .text.USART_GetITStatus
                0x0000000008000c10       0x40 ./system/src/stm32f1-stdperiph/stm32f10x_usart.o
                0x0000000008000c10                USART_GetITStatus
 .text.USART_ClearITPendingBit
                0x0000000008000c50        0xe ./system/src/stm32f1-stdperiph/stm32f10x_usart.o
                0x0000000008000c50                USART_ClearITPendingBit
 .text._exit    0x0000000008000c5e        0x6 ./system/src/newlib/_exit.o
                0x0000000008000c5e                _exit
 .text.__initialize_args
                0x0000000008000c64       0x10 ./system/src/newlib/_syscalls.o
                0x0000000008000c64                __initialize_args
 .text.__initialize_hardware_early
                0x0000000008000c74       0x18 ./system/src/cortexm/_initialize_hardware.o
                0x0000000008000c74                __initialize_hardware_early
 .text.__initialize_hardware
                0x0000000008000c8c        0x4 ./system/src/cortexm/_initialize_hardware.o
                0x0000000008000c8c                __initialize_hardware
 .text.__reset_hardware
                0x0000000008000c90       0x24 ./system/src/cortexm/_reset_hardware.o
                0x0000000008000c90                __reset_hardware
 .text.SystemInit
                0x0000000008000cb4       0xf0 ./system/src/cmsis/system_stm32f10x.o
                0x0000000008000cb4                SystemInit
 .text.SystemCoreClockUpdate
                0x0000000008000da4       0x5c ./system/src/cmsis/system_stm32f10x.o
                0x0000000008000da4                SystemCoreClockUpdate
 .text._Z9adc1_Initv
                0x0000000008000e00       0x70 ./src/sysBase/adc.o
                0x0000000008000e00                adc1_Init()
 .text._Z9adc1_Readh
                0x0000000008000e70       0x30 ./src/sysBase/adc.o
                0x0000000008000e70                adc1_Read(unsigned char)
 .text._Z12gpio_initAllb
                0x0000000008000ea0       0xa4 ./src/sysBase/gpio.o
                0x0000000008000ea0                gpio_initAll(bool)
 .text._Z15gpio_Translatorh
                0x0000000008000f44      0x130 ./src/sysBase/gpio.o
                0x0000000008000f44                gpio_Translator(unsigned char)
 .text._Z9gpio_Modeh16GPIOMode_TypeDef
                0x0000000008001074       0x2c ./src/sysBase/gpio.o
                0x0000000008001074                gpio_Mode(unsigned char, GPIOMode_TypeDef)
 .text._Z10gpio_Writehb
                0x00000000080010a0       0x1c ./src/sysBase/gpio.o
                0x00000000080010a0                gpio_Write(unsigned char, bool)
 .text._Z9iwdg_Initth
                0x00000000080010bc       0x28 ./src/sysBase/iwdg.o
                0x00000000080010bc                iwdg_Init(unsigned short, unsigned char)
 .text._Z12iwdg_RstContv
                0x00000000080010e4        0x4 ./src/sysBase/iwdg.o
                0x00000000080010e4                iwdg_RstCont()
 .text._Z14usart_CleanBFFh
                0x00000000080010e8       0x24 ./src/sysBase/usartx.o
                0x00000000080010e8                usart_CleanBFF(unsigned char)
 .text._Z12usart3_Setupm
                0x000000000800110c       0xc0 ./src/sysBase/usartx.o
                0x000000000800110c                usart3_Setup(unsigned long)
 .text._Z13usart_SendStrP13USART_TypeDefPKc
                0x00000000080011cc       0x28 ./src/sysBase/usartx.o
                0x00000000080011cc                usart_SendStr(USART_TypeDef*, char const*)
 .text._Z13usart_SendChrP13USART_TypeDefc
                0x00000000080011f4       0x18 ./src/sysBase/usartx.o
                0x00000000080011f4                usart_SendChr(USART_TypeDef*, char)
 .text._Z15usart_SendStrLnP13USART_TypeDefPKc
                0x000000000800120c       0x32 ./src/sysBase/usartx.o
                0x000000000800120c                usart_SendStrLn(USART_TypeDef*, char const*)
 *fill*         0x000000000800123e        0x2 
 .text._Z7makeBffP13USART_TypeDefh
                0x0000000008001240       0x9c ./src/sysBase/usartx.o
                0x0000000008001240                makeBff(USART_TypeDef*, unsigned char)
 .text.USART1_IRQHandler
                0x00000000080012dc        0xc ./src/sysBase/usartx.o
                0x00000000080012dc                USART1_IRQHandler
 .text.USART2_IRQHandler
                0x00000000080012e8        0xc ./src/sysBase/usartx.o
                0x00000000080012e8                USART2_IRQHandler
 .text.USART3_IRQHandler
                0x00000000080012f4        0xc ./src/sysBase/usartx.o
                0x00000000080012f4                USART3_IRQHandler
 .text._Z8delay_msy
                0x0000000008001300       0x20 ./src/sysBase/utility_timer.o
                0x0000000008001300                delay_ms(unsigned long long)
 .text._Z13write_countery
                0x0000000008001320        0xc ./src/sysBase/utility_timer.o
                0x0000000008001320                write_counter(unsigned long long)
 .text._Z6millisv
                0x000000000800132c        0xc ./src/sysBase/utility_timer.o
                0x000000000800132c                millis()
 .text._Z8init_rtcv
                0x0000000008001338       0x48 ./src/sysBase/utility_timer.o
                0x0000000008001338                init_rtc()
 .text._Z20init_timer_interruptt
                0x0000000008001380       0x74 ./src/sysBase/utility_timer.o
                0x0000000008001380                init_timer_interrupt(unsigned short)
 .text.SysTick_Handler
                0x00000000080013f4        0x4 ./src/sysBase/utility_timer.o
                0x00000000080013f4                SysTick_Handler
 .text.TIM4_IRQHandler
                0x00000000080013f8       0x34 ./src/sysBase/utility_timer.o
                0x00000000080013f8                TIM4_IRQHandler
 .text._Z15startUpHardwarev
                0x000000000800142c       0xc6 ./src/core/core.o
                0x000000000800142c                startUpHardware()
 .text._Z11coreMonitorv
                0x00000000080014f2       0x12 ./src/core/core.o
                0x00000000080014f2                coreMonitor()
 .text._Z5sLeftv
                0x0000000008001504        0x6 ./src/core/core.o
                0x0000000008001504                sLeft()
 .text._Z6sRightv
                0x000000000800150a        0x6 ./src/core/core.o
                0x000000000800150a                sRight()
 .text._Z6sFrontv
                0x0000000008001510        0x6 ./src/core/core.o
                0x0000000008001510                sFront()
 .text._Z7sBehindv
                0x0000000008001516        0x6 ./src/core/core.o
                0x0000000008001516                sBehind()
 .text._Z7sbRightv
                0x000000000800151c        0x6 ./src/core/core.o
                0x000000000800151c                sbRight()
 .text._Z6sbLeftv
                0x0000000008001522        0x6 ./src/core/core.o
                0x0000000008001522                sbLeft()
 .text._Z7sbUnderv
                0x0000000008001528        0x6 ./src/core/core.o
                0x0000000008001528                sbUnder()
 .text._Z9cltPonteHb
                0x000000000800152e        0x8 ./src/core/core.o
                0x000000000800152e                cltPonteH(bool)
 .text._Z5cltMAh
                0x0000000008001536       0x3e ./src/core/core.o
                0x0000000008001536                cltMA(unsigned char)
 .text._Z5cltMBh
                0x0000000008001574       0x3e ./src/core/core.o
                0x0000000008001574                cltMB(unsigned char)
 *fill*         0x00000000080015b2        0x2 
 .text._Z6blkLedv
                0x00000000080015b4       0x40 ./src/core/core.o
                0x00000000080015b4                blkLed()
 .text._Z8printRTCv
                0x00000000080015f4       0x48 ./src/core/dbg.o
                0x00000000080015f4                printRTC()
 .text._Z10printLabelPKc
                0x000000000800163c       0x28 ./src/core/dbg.o
                0x000000000800163c                printLabel(char const*)
 .text._Z11printDbgSTRPKcS0_
                0x0000000008001664       0x20 ./src/core/dbg.o
                0x0000000008001664                printDbgSTR(char const*, char const*)
 .text._Z8zeroLeftPcj
                0x0000000008001684       0x2c ./src/core/protocol.o
                0x0000000008001684                zeroLeft(char*, unsigned int)
 .text._Z9testLineRv
                0x00000000080016b0       0x24 ./src/IceCube.o
                0x00000000080016b0                testLineR()
 .text._Z9testLineLv
                0x00000000080016d4       0x24 ./src/IceCube.o
                0x00000000080016d4                testLineL()
 .text._Z9testLineUv
                0x00000000080016f8       0x24 ./src/IceCube.o
                0x00000000080016f8                testLineU()
 .text._Z5findRv
                0x000000000800171c       0x12 ./src/IceCube.o
                0x000000000800171c                findR()
 *fill*         0x000000000800172e        0x2 
 .text._Z5setUpv
                0x0000000008001730       0x34 ./src/IceCube.o
                0x0000000008001730                setUp()
 .text._Z7travarRv
                0x0000000008001764       0x16 ./src/IceCube.o
                0x0000000008001764                travarR()
 .text._Z7travarBv
                0x000000000800177a       0x16 ./src/IceCube.o
                0x000000000800177a                travarB()
 .text._Z5findLv
                0x0000000008001790       0x12 ./src/IceCube.o
                0x0000000008001790                findL()
 .text._Z7travarLv
                0x00000000080017a2       0x16 ./src/IceCube.o
                0x00000000080017a2                travarL()
 .text._Z5findBv
                0x00000000080017b8       0x12 ./src/IceCube.o
                0x00000000080017b8                findB()
 .text._Z5findFv
                0x00000000080017ca       0x12 ./src/IceCube.o
                0x00000000080017ca                findF()
 .text._Z8empurrarv
                0x00000000080017dc       0x24 ./src/IceCube.o
                0x00000000080017dc                empurrar()
 .text._Z4fojev
                0x0000000008001800       0x48 ./src/IceCube.o
                0x0000000008001800                foje()
 .text._Z4loopv
                0x0000000008001848       0x12 ./src/IceCube.o
                0x0000000008001848                loop()
 .text.startup.main
                0x000000000800185a       0x18 ./src/main.o
                0x000000000800185a                main
 *fill*         0x0000000008001872        0x2 
 .text          0x0000000008001874       0x34 /usr/lib/gcc/arm-none-eabi/6.3.1/../../../arm-none-eabi/lib/thumb/v7-m/libg_nano.a(lib_a-itoa.o)
                0x0000000008001874                __itoa
                0x00000000080018a4                itoa
 .text          0x00000000080018a8       0x5c /usr/lib/gcc/arm-none-eabi/6.3.1/../../../arm-none-eabi/lib/thumb/v7-m/libg_nano.a(lib_a-strlen-stub.o)
                0x00000000080018a8                strlen
 .text          0x0000000008001904       0x84 /usr/lib/gcc/arm-none-eabi/6.3.1/../../../arm-none-eabi/lib/thumb/v7-m/libg_nano.a(lib_a-utoa.o)
                0x0000000008001904                __utoa
                0x0000000008001984                utoa
 *(.rodata .rodata.* .constdata .constdata.*)
 .rodata._Z5setUpv.str1.1
                0x0000000008001988        0xb ./src/IceCube.o
 *fill*         0x0000000008001993        0x1 
 .rodata.str1.4
                0x0000000008001994       0x28 /usr/lib/gcc/arm-none-eabi/6.3.1/../../../arm-none-eabi/lib/thumb/v7-m/libg_nano.a(lib_a-utoa.o)
                                         0x25 (size before relaxing)
 *(vtable)
 *(.eh_frame*)
 *(.glue_7)
 .glue_7        0x00000000080019bc        0x0 linker stubs
 *(.glue_7t)
 .glue_7t       0x00000000080019bc        0x0 linker stubs

.vfp11_veneer   0x00000000080019bc        0x0
 .vfp11_veneer  0x00000000080019bc        0x0 linker stubs

.v4_bx          0x00000000080019bc        0x0
 .v4_bx         0x00000000080019bc        0x0 linker stubs

.iplt           0x00000000080019bc        0x0
 .iplt          0x00000000080019bc        0x0 ./system/src/stm32f1-stdperiph/misc.o

.rel.dyn        0x00000000080019bc        0x0
 .rel.iplt      0x00000000080019bc        0x0 ./system/src/stm32f1-stdperiph/misc.o

.ARM.extab
 *(.ARM.extab* .gnu.linkonce.armextab.*)
                0x00000000080019bc                . = ALIGN (0x4)
                0x00000000080019bc                __exidx_start = .

.ARM.exidx
 *(.ARM.exidx* .gnu.linkonce.armexidx.*)
                0x00000000080019bc                __exidx_end = .
                0x00000000080019bc                . = ALIGN (0x4)
                0x00000000080019bc                _etext = .
                0x00000000080019bc                __etext = .

.data_CCMRAM    0x0000000000000000        0x0 load address 0x00000000080019bc
 FILL mask 0xff
 *(.data.CCMRAM .data.CCMRAM.*)
                0x0000000000000000                . = ALIGN (0x4)
                0x00000000080019bc                _sidata = LOADADDR (.data)

.data           0x0000000020000000       0x30 load address 0x00000000080019bc
 FILL mask 0xff
                0x0000000020000000                _sdata = .
                0x0000000020000000                __data_start__ = .
 *(.data_begin .data_begin.*)
 *(.data .data.*)
 .data.ADCPrescTable
                0x0000000020000000        0x4 ./system/src/stm32f1-stdperiph/stm32f10x_rcc.o
 .data.APBAHBPrescTable
                0x0000000020000004       0x10 ./system/src/stm32f1-stdperiph/stm32f10x_rcc.o
 .data.argv.4231
                0x0000000020000014        0x8 ./system/src/newlib/_syscalls.o
 .data.AHBPrescTable
                0x000000002000001c       0x10 ./system/src/cmsis/system_stm32f10x.o
                0x000000002000001c                AHBPrescTable
 .data.SystemCoreClock
                0x000000002000002c        0x4 ./system/src/cmsis/system_stm32f10x.o
                0x000000002000002c                SystemCoreClock
 *(.data_end .data_end.*)
                0x0000000020000030                . = ALIGN (0x4)
                0x0000000020000030                _edata = .
                0x0000000020000030                __data_end__ = .

.igot.plt       0x0000000020000030        0x0 load address 0x00000000080019ec
 .igot.plt      0x0000000020000030        0x0 ./system/src/stm32f1-stdperiph/misc.o

.bss_CCMRAM     0x0000000000000000        0x0
 *(.bss.CCMRAM .bss.CCMRAM.*)

.bss            0x0000000020000030      0x630
                0x0000000020000030                __bss_start__ = .
                0x0000000020000030                _sbss = .
 *(.bss_begin .bss_begin.*)
 *(.bss .bss.*)
 .bss.name.4230
                0x0000000020000030        0x1 ./system/src/newlib/_syscalls.o
 *fill*         0x0000000020000031        0x1 
 .bss._ZL3bff   0x0000000020000032      0x606 ./src/sysBase/usartx.o
 .bss._ZL6bffAUX
                0x0000000020000638        0x1 ./src/sysBase/usartx.o
 *fill*         0x0000000020000639        0x7 
 .bss.ticksCont
                0x0000000020000640        0x8 ./src/sysBase/utility_timer.o
                0x0000000020000640                ticksCont
 .bss._ZL4time  0x0000000020000648        0x8 ./src/core/core.o
 .bss._ZL5blink
                0x0000000020000650        0x1 ./src/core/core.o
 .bss.bffRtc    0x0000000020000651        0xb ./src/core/dbg.o
                0x0000000020000651                bffRtc
 .bss.initOK    0x000000002000065c        0x1 ./src/IceCube.o
                0x000000002000065c                initOK
 .bss.lineL     0x000000002000065d        0x1 ./src/IceCube.o
                0x000000002000065d                lineL
 .bss.lineR     0x000000002000065e        0x1 ./src/IceCube.o
                0x000000002000065e                lineR
 .bss.lineU     0x000000002000065f        0x1 ./src/IceCube.o
                0x000000002000065f                lineU
 *(COMMON)
 *(.bss_end .bss_end.*)
                0x0000000020000660                . = ALIGN (0x4)
                0x0000000020000660                __bss_end__ = .
                0x0000000020000660                _ebss = .

.noinit_CCMRAM
 *(.noinit.CCMRAM .noinit.CCMRAM.*)

.noinit         0x0000000020000660        0x0
                0x0000000020000660                _noinit = .
 *(.noinit .noinit.*)
                0x0000000020000660                . = ALIGN (0x4)
                0x0000000020000660                _end_noinit = .
                [!provide]                        PROVIDE (end, _end_noinit)
                [!provide]                        PROVIDE (_end, _end_noinit)
                [!provide]                        PROVIDE (__end, _end_noinit)
                [!provide]                        PROVIDE (__end__, _end_noinit)

._check_stack   0x0000000020000660      0x100
                0x0000000020000760                . = (. + _Minimum_Stack_Size)
 *fill*         0x0000000020000660      0x100 

.b1text
 *(.b1text)
 *(.b1rodata)
 *(.b1rodata.*)

.eb0text
 *(.eb0text)
 *(.eb0rodata)
 *(.eb0rodata.*)

.eb1text
 *(.eb1text)
 *(.eb1rodata)
 *(.eb1rodata.*)

.eb2text
 *(.eb2text)
 *(.eb2rodata)
 *(.eb2rodata.*)

.eb3text
 *(.eb3text)
 *(.eb3rodata)
 *(.eb3rodata.*)

.stab
 *(.stab)

.stabstr
 *(.stabstr)

.stab.excl
 *(.stab.excl)

.stab.exclstr
 *(.stab.exclstr)

.stab.index
 *(.stab.index)

.stab.indexstr
 *(.stab.indexstr)

.comment        0x0000000000000000       0x31
 *(.comment)
 .comment       0x0000000000000000       0x31 ./system/src/stm32f1-stdperiph/misc.o
                                         0x32 (size before relaxing)
 .comment       0x0000000000000031       0x32 ./system/src/stm32f1-stdperiph/stm32f10x_adc.o
 .comment       0x0000000000000031       0x32 ./system/src/stm32f1-stdperiph/stm32f10x_bkp.o
 .comment       0x0000000000000031       0x32 ./system/src/stm32f1-stdperiph/stm32f10x_gpio.o
 .comment       0x0000000000000031       0x32 ./system/src/stm32f1-stdperiph/stm32f10x_iwdg.o
 .comment       0x0000000000000031       0x32 ./system/src/stm32f1-stdperiph/stm32f10x_pwr.o
 .comment       0x0000000000000031       0x32 ./system/src/stm32f1-stdperiph/stm32f10x_rcc.o
 .comment       0x0000000000000031       0x32 ./system/src/stm32f1-stdperiph/stm32f10x_rtc.o
 .comment       0x0000000000000031       0x32 ./system/src/stm32f1-stdperiph/stm32f10x_tim.o
 .comment       0x0000000000000031       0x32 ./system/src/stm32f1-stdperiph/stm32f10x_usart.o
 .comment       0x0000000000000031       0x32 ./system/src/newlib/_exit.o
 .comment       0x0000000000000031       0x32 ./system/src/newlib/_startup.o
 .comment       0x0000000000000031       0x32 ./system/src/newlib/_syscalls.o
 .comment       0x0000000000000031       0x32 ./system/src/cortexm/_initialize_hardware.o
 .comment       0x0000000000000031       0x32 ./system/src/cortexm/_reset_hardware.o
 .comment       0x0000000000000031       0x32 ./system/src/cortexm/exception_handlers.o
 .comment       0x0000000000000031       0x32 ./system/src/cmsis/system_stm32f10x.o
 .comment       0x0000000000000031       0x32 ./system/src/cmsis/vectors_stm32f10x.o
 .comment       0x0000000000000031       0x32 ./src/sysBase/adc.o
 .comment       0x0000000000000031       0x32 ./src/sysBase/gpio.o
 .comment       0x0000000000000031       0x32 ./src/sysBase/iwdg.o
 .comment       0x0000000000000031       0x32 ./src/sysBase/usartx.o
 .comment       0x0000000000000031       0x32 ./src/sysBase/utility_timer.o
 .comment       0x0000000000000031       0x32 ./src/core/core.o
 .comment       0x0000000000000031       0x32 ./src/core/dbg.o
 .comment       0x0000000000000031       0x32 ./src/core/protocol.o
 .comment       0x0000000000000031       0x32 ./src/IceCube.o
 .comment       0x0000000000000031       0x32 ./src/main.o
 .comment       0x0000000000000031       0x32 /usr/lib/gcc/arm-none-eabi/6.3.1/../../../arm-none-eabi/lib/thumb/v7-m/libg_nano.a(lib_a-itoa.o)
 .comment       0x0000000000000031       0x32 /usr/lib/gcc/arm-none-eabi/6.3.1/../../../arm-none-eabi/lib/thumb/v7-m/libg_nano.a(lib_a-strlen-stub.o)
 .comment       0x0000000000000031       0x32 /usr/lib/gcc/arm-none-eabi/6.3.1/../../../arm-none-eabi/lib/thumb/v7-m/libg_nano.a(lib_a-utoa.o)

.ARM.attributes
                0x0000000000000000       0x31
 .ARM.attributes
                0x0000000000000000       0x33 ./system/src/stm32f1-stdperiph/misc.o
 .ARM.attributes
                0x0000000000000033       0x33 ./system/src/stm32f1-stdperiph/stm32f10x_adc.o
 .ARM.attributes
                0x0000000000000066       0x33 ./system/src/stm32f1-stdperiph/stm32f10x_bkp.o
 .ARM.attributes
                0x0000000000000099       0x33 ./system/src/stm32f1-stdperiph/stm32f10x_gpio.o
 .ARM.attributes
                0x00000000000000cc       0x33 ./system/src/stm32f1-stdperiph/stm32f10x_iwdg.o
 .ARM.attributes
                0x00000000000000ff       0x33 ./system/src/stm32f1-stdperiph/stm32f10x_pwr.o
 .ARM.attributes
                0x0000000000000132       0x33 ./system/src/stm32f1-stdperiph/stm32f10x_rcc.o
 .ARM.attributes
                0x0000000000000165       0x33 ./system/src/stm32f1-stdperiph/stm32f10x_rtc.o
 .ARM.attributes
                0x0000000000000198       0x33 ./system/src/stm32f1-stdperiph/stm32f10x_tim.o
 .ARM.attributes
                0x00000000000001cb       0x33 ./system/src/stm32f1-stdperiph/stm32f10x_usart.o
 .ARM.attributes
                0x00000000000001fe       0x33 ./system/src/newlib/_exit.o
 .ARM.attributes
                0x0000000000000231       0x33 ./system/src/newlib/_startup.o
 .ARM.attributes
                0x0000000000000264       0x33 ./system/src/newlib/_syscalls.o
 .ARM.attributes
                0x0000000000000297       0x33 ./system/src/cortexm/_initialize_hardware.o
 .ARM.attributes
                0x00000000000002ca       0x33 ./system/src/cortexm/_reset_hardware.o
 .ARM.attributes
                0x00000000000002fd       0x33 ./system/src/cortexm/exception_handlers.o
 .ARM.attributes
                0x0000000000000330       0x33 ./system/src/cmsis/system_stm32f10x.o
 .ARM.attributes
                0x0000000000000363       0x33 ./system/src/cmsis/vectors_stm32f10x.o
 .ARM.attributes
                0x0000000000000396       0x33 ./src/sysBase/adc.o
 .ARM.attributes
                0x00000000000003c9       0x33 ./src/sysBase/gpio.o
 .ARM.attributes
                0x00000000000003fc       0x33 ./src/sysBase/iwdg.o
 .ARM.attributes
                0x000000000000042f       0x33 ./src/sysBase/usartx.o
 .ARM.attributes
                0x0000000000000462       0x33 ./src/sysBase/utility_timer.o
 .ARM.attributes
                0x0000000000000495       0x33 ./src/core/core.o
 .ARM.attributes
                0x00000000000004c8       0x33 ./src/core/dbg.o
 .ARM.attributes
                0x00000000000004fb       0x33 ./src/core/protocol.o
 .ARM.attributes
                0x000000000000052e       0x33 ./src/IceCube.o
 .ARM.attributes
                0x0000000000000561       0x33 ./src/main.o
 .ARM.attributes
                0x0000000000000594       0x2d /usr/lib/gcc/arm-none-eabi/6.3.1/../../../arm-none-eabi/lib/thumb/v7-m/libg_nano.a(lib_a-itoa.o)
 .ARM.attributes
                0x00000000000005c1       0x2d /usr/lib/gcc/arm-none-eabi/6.3.1/../../../arm-none-eabi/lib/thumb/v7-m/libg_nano.a(lib_a-strlen-stub.o)
 .ARM.attributes
                0x00000000000005ee       0x2d /usr/lib/gcc/arm-none-eabi/6.3.1/../../../arm-none-eabi/lib/thumb/v7-m/libg_nano.a(lib_a-utoa.o)

.debug
 *(.debug)

.line
 *(.line)

.debug_srcinfo
 *(.debug_srcinfo)

.debug_sfnames
 *(.debug_sfnames)

.debug_aranges  0x0000000000000000      0xe30
 *(.debug_aranges)
 .debug_aranges
                0x0000000000000000       0x40 ./system/src/stm32f1-stdperiph/misc.o
 .debug_aranges
                0x0000000000000040      0x138 ./system/src/stm32f1-stdperiph/stm32f10x_adc.o
 .debug_aranges
                0x0000000000000178       0x78 ./system/src/stm32f1-stdperiph/stm32f10x_bkp.o
 .debug_aranges
                0x00000000000001f0       0xa8 ./system/src/stm32f1-stdperiph/stm32f10x_gpio.o
 .debug_aranges
                0x0000000000000298       0x48 ./system/src/stm32f1-stdperiph/stm32f10x_iwdg.o
 .debug_aranges
                0x00000000000002e0       0x60 ./system/src/stm32f1-stdperiph/stm32f10x_pwr.o
 .debug_aranges
                0x0000000000000340      0x118 ./system/src/stm32f1-stdperiph/stm32f10x_rcc.o
 .debug_aranges
                0x0000000000000458       0x80 ./system/src/stm32f1-stdperiph/stm32f10x_rtc.o
 .debug_aranges
                0x00000000000004d8      0x2d0 ./system/src/stm32f1-stdperiph/stm32f10x_tim.o
 .debug_aranges
                0x00000000000007a8      0x100 ./system/src/stm32f1-stdperiph/stm32f10x_usart.o
 .debug_aranges
                0x00000000000008a8       0x28 ./system/src/newlib/_exit.o
 .debug_aranges
                0x00000000000008d0       0x40 ./system/src/newlib/_startup.o
 .debug_aranges
                0x0000000000000910       0x30 ./system/src/newlib/_syscalls.o
 .debug_aranges
                0x0000000000000940       0x28 ./system/src/cortexm/_initialize_hardware.o
 .debug_aranges
                0x0000000000000968       0x20 ./system/src/cortexm/_reset_hardware.o
 .debug_aranges
                0x0000000000000988       0x80 ./system/src/cortexm/exception_handlers.o
 .debug_aranges
                0x0000000000000a08       0x28 ./system/src/cmsis/system_stm32f10x.o
 .debug_aranges
                0x0000000000000a30       0x20 ./system/src/cmsis/vectors_stm32f10x.o
 .debug_aranges
                0x0000000000000a50       0x28 ./src/sysBase/adc.o
 .debug_aranges
                0x0000000000000a78       0x48 ./src/sysBase/gpio.o
 .debug_aranges
                0x0000000000000ac0       0x28 ./src/sysBase/iwdg.o
 .debug_aranges
                0x0000000000000ae8       0x80 ./src/sysBase/usartx.o
 .debug_aranges
                0x0000000000000b68       0x68 ./src/sysBase/utility_timer.o
 .debug_aranges
                0x0000000000000bd0       0x80 ./src/core/core.o
 .debug_aranges
                0x0000000000000c50       0x40 ./src/core/dbg.o
 .debug_aranges
                0x0000000000000c90       0x90 ./src/core/protocol.o
 .debug_aranges
                0x0000000000000d20       0x90 ./src/IceCube.o
 .debug_aranges
                0x0000000000000db0       0x20 ./src/main.o
 .debug_aranges
                0x0000000000000dd0       0x20 /usr/lib/gcc/arm-none-eabi/6.3.1/../../../arm-none-eabi/lib/thumb/v7-m/libg_nano.a(lib_a-itoa.o)
 .debug_aranges
                0x0000000000000df0       0x20 /usr/lib/gcc/arm-none-eabi/6.3.1/../../../arm-none-eabi/lib/thumb/v7-m/libg_nano.a(lib_a-strlen-stub.o)
 .debug_aranges
                0x0000000000000e10       0x20 /usr/lib/gcc/arm-none-eabi/6.3.1/../../../arm-none-eabi/lib/thumb/v7-m/libg_nano.a(lib_a-utoa.o)

.debug_pubnames
 *(.debug_pubnames)

.debug_info     0x0000000000000000    0x10b62
 *(.debug_info .gnu.linkonce.wi.*)
 .debug_info    0x0000000000000000      0x530 ./system/src/stm32f1-stdperiph/misc.o
 .debug_info    0x0000000000000530      0xbc7 ./system/src/stm32f1-stdperiph/stm32f10x_adc.o
 .debug_info    0x00000000000010f7      0x7be ./system/src/stm32f1-stdperiph/stm32f10x_bkp.o
 .debug_info    0x00000000000018b5      0x7cc ./system/src/stm32f1-stdperiph/stm32f10x_gpio.o
 .debug_info    0x0000000000002081      0x1ec ./system/src/stm32f1-stdperiph/stm32f10x_iwdg.o
 .debug_info    0x000000000000226d      0x4c6 ./system/src/stm32f1-stdperiph/stm32f10x_pwr.o
 .debug_info    0x0000000000002733      0x8b8 ./system/src/stm32f1-stdperiph/stm32f10x_rcc.o
 .debug_info    0x0000000000002feb      0x44f ./system/src/stm32f1-stdperiph/stm32f10x_rtc.o
 .debug_info    0x000000000000343a     0x2032 ./system/src/stm32f1-stdperiph/stm32f10x_tim.o
 .debug_info    0x000000000000546c      0xaa8 ./system/src/stm32f1-stdperiph/stm32f10x_usart.o
 .debug_info    0x0000000000005f14      0x951 ./system/src/newlib/_exit.o
 .debug_info    0x0000000000006865      0x3d1 ./system/src/newlib/_startup.o
 .debug_info    0x0000000000006c36      0xa06 ./system/src/newlib/_syscalls.o
 .debug_info    0x000000000000763c      0x2b8 ./system/src/cortexm/_initialize_hardware.o
 .debug_info    0x00000000000078f4      0x2ca ./system/src/cortexm/_reset_hardware.o
 .debug_info    0x0000000000007bbe      0xabc ./system/src/cortexm/exception_handlers.o
 .debug_info    0x000000000000867a      0x49f ./system/src/cmsis/system_stm32f10x.o
 .debug_info    0x0000000000008b19       0xcd ./system/src/cmsis/vectors_stm32f10x.o
 .debug_info    0x0000000000008be6      0x4d9 ./src/sysBase/adc.o
 .debug_info    0x00000000000090bf      0x996 ./src/sysBase/gpio.o
 .debug_info    0x0000000000009a55      0x1a6 ./src/sysBase/iwdg.o
 .debug_info    0x0000000000009bfb      0xdfb ./src/sysBase/usartx.o
 .debug_info    0x000000000000a9f6      0xdcb ./src/sysBase/utility_timer.o
 .debug_info    0x000000000000b7c1      0x797 ./src/core/core.o
 .debug_info    0x000000000000bf58     0x130d ./src/core/dbg.o
 .debug_info    0x000000000000d265     0x14b5 ./src/core/protocol.o
 .debug_info    0x000000000000e71a      0x719 ./src/IceCube.o
 .debug_info    0x000000000000ee33      0x183 ./src/main.o
 .debug_info    0x000000000000efb6      0x969 /usr/lib/gcc/arm-none-eabi/6.3.1/../../../arm-none-eabi/lib/thumb/v7-m/libg_nano.a(lib_a-itoa.o)
 .debug_info    0x000000000000f91f      0x8b1 /usr/lib/gcc/arm-none-eabi/6.3.1/../../../arm-none-eabi/lib/thumb/v7-m/libg_nano.a(lib_a-strlen-stub.o)
 .debug_info    0x00000000000101d0      0x992 /usr/lib/gcc/arm-none-eabi/6.3.1/../../../arm-none-eabi/lib/thumb/v7-m/libg_nano.a(lib_a-utoa.o)

.debug_abbrev   0x0000000000000000     0x388c
 *(.debug_abbrev)
 .debug_abbrev  0x0000000000000000      0x181 ./system/src/stm32f1-stdperiph/misc.o
 .debug_abbrev  0x0000000000000181      0x1f4 ./system/src/stm32f1-stdperiph/stm32f10x_adc.o
 .debug_abbrev  0x0000000000000375      0x1b6 ./system/src/stm32f1-stdperiph/stm32f10x_bkp.o
 .debug_abbrev  0x000000000000052b      0x21c ./system/src/stm32f1-stdperiph/stm32f10x_gpio.o
 .debug_abbrev  0x0000000000000747      0x13d ./system/src/stm32f1-stdperiph/stm32f10x_iwdg.o
 .debug_abbrev  0x0000000000000884      0x1c3 ./system/src/stm32f1-stdperiph/stm32f10x_pwr.o
 .debug_abbrev  0x0000000000000a47      0x1f5 ./system/src/stm32f1-stdperiph/stm32f10x_rcc.o
 .debug_abbrev  0x0000000000000c3c      0x1d7 ./system/src/stm32f1-stdperiph/stm32f10x_rtc.o
 .debug_abbrev  0x0000000000000e13      0x2e5 ./system/src/stm32f1-stdperiph/stm32f10x_tim.o
 .debug_abbrev  0x00000000000010f8      0x1f7 ./system/src/stm32f1-stdperiph/stm32f10x_usart.o
 .debug_abbrev  0x00000000000012ef      0x207 ./system/src/newlib/_exit.o
 .debug_abbrev  0x00000000000014f6      0x173 ./system/src/newlib/_startup.o
 .debug_abbrev  0x0000000000001669      0x228 ./system/src/newlib/_syscalls.o
 .debug_abbrev  0x0000000000001891       0xf5 ./system/src/cortexm/_initialize_hardware.o
 .debug_abbrev  0x0000000000001986      0x10d ./system/src/cortexm/_reset_hardware.o
 .debug_abbrev  0x0000000000001a93      0x1f5 ./system/src/cortexm/exception_handlers.o
 .debug_abbrev  0x0000000000001c88      0x18c ./system/src/cmsis/system_stm32f10x.o
 .debug_abbrev  0x0000000000001e14       0x9a ./system/src/cmsis/vectors_stm32f10x.o
 .debug_abbrev  0x0000000000001eae      0x17f ./src/sysBase/adc.o
 .debug_abbrev  0x000000000000202d      0x1f5 ./src/sysBase/gpio.o
 .debug_abbrev  0x0000000000002222       0xc1 ./src/sysBase/iwdg.o
 .debug_abbrev  0x00000000000022e3      0x2a5 ./src/sysBase/usartx.o
 .debug_abbrev  0x0000000000002588      0x319 ./src/sysBase/utility_timer.o
 .debug_abbrev  0x00000000000028a1      0x16a ./src/core/core.o
 .debug_abbrev  0x0000000000002a0b      0x348 ./src/core/dbg.o
 .debug_abbrev  0x0000000000002d53      0x37c ./src/core/protocol.o
 .debug_abbrev  0x00000000000030cf      0x1df ./src/IceCube.o
 .debug_abbrev  0x00000000000032ae       0xc7 ./src/main.o
 .debug_abbrev  0x0000000000003375      0x1de /usr/lib/gcc/arm-none-eabi/6.3.1/../../../arm-none-eabi/lib/thumb/v7-m/libg_nano.a(lib_a-itoa.o)
 .debug_abbrev  0x0000000000003553      0x168 /usr/lib/gcc/arm-none-eabi/6.3.1/../../../arm-none-eabi/lib/thumb/v7-m/libg_nano.a(lib_a-strlen-stub.o)
 .debug_abbrev  0x00000000000036bb      0x1d1 /usr/lib/gcc/arm-none-eabi/6.3.1/../../../arm-none-eabi/lib/thumb/v7-m/libg_nano.a(lib_a-utoa.o)

.debug_line     0x0000000000000000     0x446f
 *(.debug_line)
 .debug_line    0x0000000000000000      0x16d ./system/src/stm32f1-stdperiph/misc.o
 .debug_line    0x000000000000016d      0x45c ./system/src/stm32f1-stdperiph/stm32f10x_adc.o
 .debug_line    0x00000000000005c9      0x1ef ./system/src/stm32f1-stdperiph/stm32f10x_bkp.o
 .debug_line    0x00000000000007b8      0x2f4 ./system/src/stm32f1-stdperiph/stm32f10x_gpio.o
 .debug_line    0x0000000000000aac      0x13e ./system/src/stm32f1-stdperiph/stm32f10x_iwdg.o
 .debug_line    0x0000000000000bea      0x1e1 ./system/src/stm32f1-stdperiph/stm32f10x_pwr.o
 .debug_line    0x0000000000000dcb      0x3c6 ./system/src/stm32f1-stdperiph/stm32f10x_rcc.o
 .debug_line    0x0000000000001191      0x1ee ./system/src/stm32f1-stdperiph/stm32f10x_rtc.o
 .debug_line    0x000000000000137f      0xa6a ./system/src/stm32f1-stdperiph/stm32f10x_tim.o
 .debug_line    0x0000000000001de9      0x3ea ./system/src/stm32f1-stdperiph/stm32f10x_usart.o
 .debug_line    0x00000000000021d3      0x11a ./system/src/newlib/_exit.o
 .debug_line    0x00000000000022ed      0x10d ./system/src/newlib/_startup.o
 .debug_line    0x00000000000023fa      0x132 ./system/src/newlib/_syscalls.o
 .debug_line    0x000000000000252c       0xe4 ./system/src/cortexm/_initialize_hardware.o
 .debug_line    0x0000000000002610       0xf3 ./system/src/cortexm/_reset_hardware.o
 .debug_line    0x0000000000002703      0x17d ./system/src/cortexm/exception_handlers.o
 .debug_line    0x0000000000002880      0x135 ./system/src/cmsis/system_stm32f10x.o
 .debug_line    0x00000000000029b5       0x58 ./system/src/cmsis/vectors_stm32f10x.o
 .debug_line    0x0000000000002a0d      0x147 ./src/sysBase/adc.o
 .debug_line    0x0000000000002b54      0x292 ./src/sysBase/gpio.o
 .debug_line    0x0000000000002de6      0x10b ./src/sysBase/iwdg.o
 .debug_line    0x0000000000002ef1      0x2dd ./src/sysBase/usartx.o
 .debug_line    0x00000000000031ce      0x29b ./src/sysBase/utility_timer.o
 .debug_line    0x0000000000003469      0x284 ./src/core/core.o
 .debug_line    0x00000000000036ed      0x283 ./src/core/dbg.o
 .debug_line    0x0000000000003970      0x367 ./src/core/protocol.o
 .debug_line    0x0000000000003cd7      0x262 ./src/IceCube.o
 .debug_line    0x0000000000003f39       0xe2 ./src/main.o
 .debug_line    0x000000000000401b      0x161 /usr/lib/gcc/arm-none-eabi/6.3.1/../../../arm-none-eabi/lib/thumb/v7-m/libg_nano.a(lib_a-itoa.o)
 .debug_line    0x000000000000417c      0x152 /usr/lib/gcc/arm-none-eabi/6.3.1/../../../arm-none-eabi/lib/thumb/v7-m/libg_nano.a(lib_a-strlen-stub.o)
 .debug_line    0x00000000000042ce      0x1a1 /usr/lib/gcc/arm-none-eabi/6.3.1/../../../arm-none-eabi/lib/thumb/v7-m/libg_nano.a(lib_a-utoa.o)

.debug_frame    0x0000000000000000     0x1e78
 *(.debug_frame)
 .debug_frame   0x0000000000000000       0x68 ./system/src/stm32f1-stdperiph/misc.o
 .debug_frame   0x0000000000000068      0x290 ./system/src/stm32f1-stdperiph/stm32f10x_adc.o
 .debug_frame   0x00000000000002f8       0xec ./system/src/stm32f1-stdperiph/stm32f10x_bkp.o
 .debug_frame   0x00000000000003e4      0x170 ./system/src/stm32f1-stdperiph/stm32f10x_gpio.o
 .debug_frame   0x0000000000000554       0x70 ./system/src/stm32f1-stdperiph/stm32f10x_iwdg.o
 .debug_frame   0x00000000000005c4       0xac ./system/src/stm32f1-stdperiph/stm32f10x_pwr.o
 .debug_frame   0x0000000000000670      0x220 ./system/src/stm32f1-stdperiph/stm32f10x_rcc.o
 .debug_frame   0x0000000000000890      0x114 ./system/src/stm32f1-stdperiph/stm32f10x_rtc.o
 .debug_frame   0x00000000000009a4      0x6a4 ./system/src/stm32f1-stdperiph/stm32f10x_tim.o
 .debug_frame   0x0000000000001048      0x224 ./system/src/stm32f1-stdperiph/stm32f10x_usart.o
 .debug_frame   0x000000000000126c       0x40 ./system/src/newlib/_exit.o
 .debug_frame   0x00000000000012ac       0x80 ./system/src/newlib/_startup.o
 .debug_frame   0x000000000000132c       0x50 ./system/src/newlib/_syscalls.o
 .debug_frame   0x000000000000137c       0x38 ./system/src/cortexm/_initialize_hardware.o
 .debug_frame   0x00000000000013b4       0x20 ./system/src/cortexm/_reset_hardware.o
 .debug_frame   0x00000000000013d4       0xe0 ./system/src/cortexm/exception_handlers.o
 .debug_frame   0x00000000000014b4       0x3c ./system/src/cmsis/system_stm32f10x.o
 .debug_frame   0x00000000000014f0       0x20 ./system/src/cmsis/vectors_stm32f10x.o
 .debug_frame   0x0000000000001510       0x4c ./src/sysBase/adc.o
 .debug_frame   0x000000000000155c       0xac ./src/sysBase/gpio.o
 .debug_frame   0x0000000000001608       0x44 ./src/sysBase/iwdg.o
 .debug_frame   0x000000000000164c      0x148 ./src/sysBase/usartx.o
 .debug_frame   0x0000000000001794       0xf0 ./src/sysBase/utility_timer.o
 .debug_frame   0x0000000000001884      0x11c ./src/core/core.o
 .debug_frame   0x00000000000019a0       0xc0 ./src/core/dbg.o
 .debug_frame   0x0000000000001a60      0x19c ./src/core/protocol.o
 .debug_frame   0x0000000000001bfc      0x1ac ./src/IceCube.o
 .debug_frame   0x0000000000001da8       0x28 ./src/main.o
 .debug_frame   0x0000000000001dd0       0x3c /usr/lib/gcc/arm-none-eabi/6.3.1/../../../arm-none-eabi/lib/thumb/v7-m/libg_nano.a(lib_a-itoa.o)
 .debug_frame   0x0000000000001e0c       0x20 /usr/lib/gcc/arm-none-eabi/6.3.1/../../../arm-none-eabi/lib/thumb/v7-m/libg_nano.a(lib_a-strlen-stub.o)
 .debug_frame   0x0000000000001e2c       0x4c /usr/lib/gcc/arm-none-eabi/6.3.1/../../../arm-none-eabi/lib/thumb/v7-m/libg_nano.a(lib_a-utoa.o)

.debug_str      0x0000000000000000     0x43c0
 *(.debug_str)
 .debug_str     0x0000000000000000      0x367 ./system/src/stm32f1-stdperiph/misc.o
                                        0x3eb (size before relaxing)
 .debug_str     0x0000000000000367      0x544 ./system/src/stm32f1-stdperiph/stm32f10x_adc.o
                                        0x734 (size before relaxing)
 .debug_str     0x00000000000008ab      0x3cc ./system/src/stm32f1-stdperiph/stm32f10x_bkp.o
                                        0x5ea (size before relaxing)
 .debug_str     0x0000000000000c77      0x320 ./system/src/stm32f1-stdperiph/stm32f10x_gpio.o
                                        0x552 (size before relaxing)
 .debug_str     0x0000000000000f97       0xcf ./system/src/stm32f1-stdperiph/stm32f10x_iwdg.o
                                        0x27e (size before relaxing)
 .debug_str     0x0000000000001066      0x126 ./system/src/stm32f1-stdperiph/stm32f10x_pwr.o
                                        0x35b (size before relaxing)
 .debug_str     0x000000000000118c      0x3f4 ./system/src/stm32f1-stdperiph/stm32f10x_rcc.o
                                        0x63c (size before relaxing)
 .debug_str     0x0000000000001580      0x187 ./system/src/stm32f1-stdperiph/stm32f10x_rtc.o
                                        0x3c4 (size before relaxing)
 .debug_str     0x0000000000001707      0xad8 ./system/src/stm32f1-stdperiph/stm32f10x_tim.o
                                        0xe2d (size before relaxing)
 .debug_str     0x00000000000021df      0x3f7 ./system/src/stm32f1-stdperiph/stm32f10x_usart.o
                                        0x6f2 (size before relaxing)
 .debug_str     0x00000000000025d6      0x3ff ./system/src/newlib/_exit.o
                                        0x5b5 (size before relaxing)
 .debug_str     0x00000000000029d5      0x16d ./system/src/newlib/_startup.o
                                        0x2ee (size before relaxing)
 .debug_str     0x0000000000002b42       0x8a ./system/src/newlib/_syscalls.o
                                        0x5e6 (size before relaxing)
 .debug_str     0x0000000000002bcc       0x5e ./system/src/cortexm/_initialize_hardware.o
                                        0x272 (size before relaxing)
 .debug_str     0x0000000000002c2a       0x45 ./system/src/cortexm/_reset_hardware.o
                                        0x238 (size before relaxing)
 .debug_str     0x0000000000002c6f      0x11f ./system/src/cortexm/exception_handlers.o
                                        0x6ae (size before relaxing)
 .debug_str     0x0000000000002d8e       0x67 ./system/src/cmsis/system_stm32f10x.o
                                        0x2f6 (size before relaxing)
 .debug_str     0x0000000000002df5       0x57 ./system/src/cmsis/vectors_stm32f10x.o
                                        0x1a5 (size before relaxing)
 .debug_str     0x0000000000002e4c      0x18f ./src/sysBase/adc.o
                                        0x484 (size before relaxing)
 .debug_str     0x0000000000002fdb      0x552 ./src/sysBase/gpio.o
                                        0xa8b (size before relaxing)
 .debug_str     0x000000000000352d       0x5b ./src/sysBase/iwdg.o
                                        0x2a0 (size before relaxing)
 .debug_str     0x0000000000003588      0x20f ./src/sysBase/usartx.o
                                        0xaff (size before relaxing)
 .debug_str     0x0000000000003797      0x230 ./src/sysBase/utility_timer.o
                                        0xb44 (size before relaxing)
 .debug_str     0x00000000000039c7      0x138 ./src/core/core.o
                                        0x57c (size before relaxing)
 .debug_str     0x0000000000003aff      0x204 ./src/core/dbg.o
                                        0x953 (size before relaxing)
 .debug_str     0x0000000000003d03      0x34a ./src/core/protocol.o
                                        0x961 (size before relaxing)
 .debug_str     0x000000000000404d      0x106 ./src/IceCube.o
                                        0x499 (size before relaxing)
 .debug_str     0x0000000000004153       0x10 ./src/main.o
                                        0x28c (size before relaxing)
 .debug_str     0x0000000000004163      0x178 /usr/lib/gcc/arm-none-eabi/6.3.1/../../../arm-none-eabi/lib/thumb/v7-m/libg_nano.a(lib_a-itoa.o)
                                        0x5c9 (size before relaxing)
 .debug_str     0x00000000000042db       0xa5 /usr/lib/gcc/arm-none-eabi/6.3.1/../../../arm-none-eabi/lib/thumb/v7-m/libg_nano.a(lib_a-strlen-stub.o)
                                        0x5bc (size before relaxing)
 .debug_str     0x0000000000004380       0x40 /usr/lib/gcc/arm-none-eabi/6.3.1/../../../arm-none-eabi/lib/thumb/v7-m/libg_nano.a(lib_a-utoa.o)
                                        0x5cc (size before relaxing)

.debug_loc      0x0000000000000000     0x53b5
 *(.debug_loc)
 .debug_loc     0x0000000000000000      0x16c ./system/src/stm32f1-stdperiph/misc.o
 .debug_loc     0x000000000000016c      0xa84 ./system/src/stm32f1-stdperiph/stm32f10x_adc.o
 .debug_loc     0x0000000000000bf0       0xee ./system/src/stm32f1-stdperiph/stm32f10x_bkp.o
 .debug_loc     0x0000000000000cde      0x520 ./system/src/stm32f1-stdperiph/stm32f10x_gpio.o
 .debug_loc     0x00000000000011fe       0x62 ./system/src/stm32f1-stdperiph/stm32f10x_iwdg.o
 .debug_loc     0x0000000000001260      0x111 ./system/src/stm32f1-stdperiph/stm32f10x_pwr.o
 .debug_loc     0x0000000000001371      0x6b8 ./system/src/stm32f1-stdperiph/stm32f10x_rcc.o
 .debug_loc     0x0000000000001a29      0x1f8 ./system/src/stm32f1-stdperiph/stm32f10x_rtc.o
 .debug_loc     0x0000000000001c21     0x1a90 ./system/src/stm32f1-stdperiph/stm32f10x_tim.o
 .debug_loc     0x00000000000036b1      0x781 ./system/src/stm32f1-stdperiph/stm32f10x_usart.o
 .debug_loc     0x0000000000003e32       0x21 ./system/src/newlib/_exit.o
 .debug_loc     0x0000000000003e53      0x148 ./system/src/newlib/_startup.o
 .debug_loc     0x0000000000003f9b       0x63 ./system/src/newlib/_syscalls.o
 .debug_loc     0x0000000000003ffe       0xb1 ./system/src/cmsis/system_stm32f10x.o
 .debug_loc     0x00000000000040af       0x21 ./src/sysBase/adc.o
 .debug_loc     0x00000000000040d0      0x16b ./src/sysBase/gpio.o
 .debug_loc     0x000000000000423b       0x42 ./src/sysBase/iwdg.o
 .debug_loc     0x000000000000427d      0x2af ./src/sysBase/usartx.o
 .debug_loc     0x000000000000452c      0x118 ./src/sysBase/utility_timer.o
 .debug_loc     0x0000000000004644       0x63 ./src/core/core.o
 .debug_loc     0x00000000000046a7      0x14a ./src/core/dbg.o
 .debug_loc     0x00000000000047f1      0x80a ./src/core/protocol.o
 .debug_loc     0x0000000000004ffb       0x57 ./src/IceCube.o
 .debug_loc     0x0000000000005052      0x161 /usr/lib/gcc/arm-none-eabi/6.3.1/../../../arm-none-eabi/lib/thumb/v7-m/libg_nano.a(lib_a-itoa.o)
 .debug_loc     0x00000000000051b3       0x21 /usr/lib/gcc/arm-none-eabi/6.3.1/../../../arm-none-eabi/lib/thumb/v7-m/libg_nano.a(lib_a-strlen-stub.o)
 .debug_loc     0x00000000000051d4      0x1e1 /usr/lib/gcc/arm-none-eabi/6.3.1/../../../arm-none-eabi/lib/thumb/v7-m/libg_nano.a(lib_a-utoa.o)

.debug_macinfo
 *(.debug_macinfo)

.debug_weaknames
 *(.debug_weaknames)

.debug_funcnames
 *(.debug_funcnames)

.debug_typenames
 *(.debug_typenames)

.debug_varnames
 *(.debug_varnames)
OUTPUT(IceCubeEclipce.elf elf32-littlearm)

.debug_ranges   0x0000000000000000      0xd90
 .debug_ranges  0x0000000000000000       0x30 ./system/src/stm32f1-stdperiph/misc.o
 .debug_ranges  0x0000000000000030      0x128 ./system/src/stm32f1-stdperiph/stm32f10x_adc.o
 .debug_ranges  0x0000000000000158       0x68 ./system/src/stm32f1-stdperiph/stm32f10x_bkp.o
 .debug_ranges  0x00000000000001c0       0x98 ./system/src/stm32f1-stdperiph/stm32f10x_gpio.o
 .debug_ranges  0x0000000000000258       0x38 ./system/src/stm32f1-stdperiph/stm32f10x_iwdg.o
 .debug_ranges  0x0000000000000290       0x50 ./system/src/stm32f1-stdperiph/stm32f10x_pwr.o
 .debug_ranges  0x00000000000002e0      0x108 ./system/src/stm32f1-stdperiph/stm32f10x_rcc.o
 .debug_ranges  0x00000000000003e8       0x70 ./system/src/stm32f1-stdperiph/stm32f10x_rtc.o
 .debug_ranges  0x0000000000000458      0x308 ./system/src/stm32f1-stdperiph/stm32f10x_tim.o
 .debug_ranges  0x0000000000000760       0xf0 ./system/src/stm32f1-stdperiph/stm32f10x_usart.o
 .debug_ranges  0x0000000000000850       0x18 ./system/src/newlib/_exit.o
 .debug_ranges  0x0000000000000868       0xa0 ./system/src/newlib/_startup.o
 .debug_ranges  0x0000000000000908       0x20 ./system/src/newlib/_syscalls.o
 .debug_ranges  0x0000000000000928       0x18 ./system/src/cortexm/_initialize_hardware.o
 .debug_ranges  0x0000000000000940       0x10 ./system/src/cortexm/_reset_hardware.o
 .debug_ranges  0x0000000000000950       0x70 ./system/src/cortexm/exception_handlers.o
 .debug_ranges  0x00000000000009c0       0x30 ./system/src/cmsis/system_stm32f10x.o
 .debug_ranges  0x00000000000009f0       0x10 ./system/src/cmsis/vectors_stm32f10x.o
 .debug_ranges  0x0000000000000a00       0x18 ./src/sysBase/adc.o
 .debug_ranges  0x0000000000000a18       0x38 ./src/sysBase/gpio.o
 .debug_ranges  0x0000000000000a50       0x18 ./src/sysBase/iwdg.o
 .debug_ranges  0x0000000000000a68       0x70 ./src/sysBase/usartx.o
 .debug_ranges  0x0000000000000ad8       0x90 ./src/sysBase/utility_timer.o
 .debug_ranges  0x0000000000000b68       0x70 ./src/core/core.o
 .debug_ranges  0x0000000000000bd8       0x30 ./src/core/dbg.o
 .debug_ranges  0x0000000000000c08       0xe8 ./src/core/protocol.o
 .debug_ranges  0x0000000000000cf0       0x80 ./src/IceCube.o
 .debug_ranges  0x0000000000000d70       0x10 ./src/main.o
 .debug_ranges  0x0000000000000d80       0x10 /usr/lib/gcc/arm-none-eabi/6.3.1/../../../arm-none-eabi/lib/thumb/v7-m/libg_nano.a(lib_a-strlen-stub.o)
